FAIL [404/html_error] http://dev.iifun.com.tw/ceec/files/file_pool/1/0j075789184642128984/93%e8%a3%9c%e8%80%83%e5%8f%83%e8%80%83%e7%ad%94%e6%a1%88.pdf
FAIL [200/html_error] /files/file_pool/1/0q061514180776620070/115sat_%e8%aa%9e%e9%9f%b3_%e5%9c%8b%e7%b6%9c_%e6%96%87%e5%ad%97%e7%89%88.7z
FAIL [200/html_error] /files/file_pool/1/0q061514671954478024/115sat_%e8%aa%9e%e9%9f%b3_%e5%9c%8b%e7%b6%9c_%e5%9c%96%e6%96%87%e7%89%88.7z
FAIL [200/html_error] /files/file_pool/1/0q061507860077217595/115sat_%e8%aa%9e%e9%9f%b3_%e5%9c%8b%e5%af%ab_%e6%96%87%e5%ad%97%e7%89%88.7z
FAIL [200/html_error] /files/file_pool/1/0q061508041155065540/115sat_%e8%aa%9e%e9%9f%b3_%e5%9c%8b%e5%af%ab_%e5%9c%96%e6%96%87%e7%89%88.7z
FAIL [200/html_error] /files/file_pool/1/0q061499984996410496/115sat_%e8%aa%9e%e9%9f%b3_%e8%8b%b1%e6%96%87_%e6%96%87%e5%ad%97%e7%89%88.7z
FAIL [200/html_error] /files/file_pool/1/0q061500125174268441/115sat_%e8%aa%9e%e9%9f%b3_%e8%8b%b1%e6%96%87_%e5%9c%96%e6%96%87%e7%89%88.7z
FAIL [200/html_error] /files/file_pool/1/0q061488525290310499/115sat_%e8%aa%9e%e9%9f%b3_%e6%95%b8b_%e6%96%87%e5%ad%97%e7%89%88.7z
FAIL [200/html_error] /files/file_pool/1/0q061488616479168444/115sat_%e8%aa%9e%e9%9f%b3_%e6%95%b8b_%e5%9c%96%e6%96%87%e7%89%88.7z
FAIL [200/html_error] /files/file_pool/1/0q054540226139811147/115sat_%e8%aa%9e%e9%9f%b3_%e6%95%b8a_%e6%96%87%e5%ad%97%e7%89%88.7z
FAIL [200/html_error] /files/file_pool/1/0q054540377317669192/115sat_%e8%aa%9e%e9%9f%b3_%e6%95%b8a_%e5%9c%96%e6%96%87%e7%89%88.7z
FAIL [200/html_error] /files/file_pool/1/0q054509596529018371/115sat_%e8%aa%9e%e9%9f%b3_%e7%a4%be%e6%9c%83_%e6%96%87%e5%ad%97%e7%89%88.7z
FAIL [200/html_error] /files/file_pool/1/0q054509727708866326/115sat_%e8%aa%9e%e9%9f%b3_%e7%a4%be%e6%9c%83_%e5%9c%96%e6%96%87%e7%89%88.7z
FAIL [200/html_error] /files/file_pool/1/0q054500955823444267/115sat_%e8%aa%9e%e9%9f%b3_%e8%87%aa%e7%84%b6_%e6%96%87%e5%ad%97%e7%89%88.7z
FAIL [200/html_error] /files/file_pool/1/0q054501075001292211/115sat_%e8%aa%9e%e9%9f%b3_%e8%87%aa%e7%84%b6_%e5%9c%96%e6%96%87%e7%89%88.7z
EXC ChunkedEncodingError /files/file_pool/1/0j212355496591894465/103sat_%e8%aa%9e%e9%9f%b3_%e5%9c%8b%e6%96%87_%e9%bb%9e%e5%ad%97%e7%89%88.zip
EXC ProxyError /files/file_pool/1/0j099673625658910709/103sat_%e8%aa%9e%e9%9f%b3_%e8%8b%b1%e6%96%87_%e6%96%87%e5%ad%97%e7%89%88.zip
EXC ProxyError /files/file_pool/1/0j099673625292889726/103sat_%e8%aa%9e%e9%9f%b3_%e8%8b%b1%e6%96%87_%e9%bb%9e%e5%ad%97%e7%89%88.zip
EXC ProxyError /files/file_pool/1/0j099565218128437565/103sat_%e8%aa%9e%e9%9f%b3_%e6%95%b8%e5%ad%b8_%e6%96%87%e5%ad%97%e7%89%88.zip
EXC ProxyError /files/file_pool/1/0j099565219762306582/103sat_%e8%aa%9e%e9%9f%b3_%e6%95%b8%e5%ad%b8_%e9%bb%9e%e5%ad%97%e7%89%88.zip
EXC ProxyError https://www.ceec.edu.tw/files/file_pool/1/0j077733312311685842/103sat_%e8%aa%9e%e9%9f%b3_%e7%a4%be%e6%9c%83_%e6%96%87%e5%ad%97%e7%89%88.zip
EXC ProxyError https://www.ceec.edu.tw/files/file_pool/1/0j077733313956554860/103sat_%e8%aa%9e%e9%9f%b3_%e7%a4%be%e6%9c%83_%e9%bb%9e%e5%ad%97%e7%89%88.zip
EXC ProxyError https://www.ceec.edu.tw/files/file_pool/1/0j077760948393862122/103sat_%e8%aa%9e%e9%9f%b3_%e8%87%aa%e7%84%b6_%e6%96%87%e5%ad%97%e7%89%88.zip
EXC ProxyError https://www.ceec.edu.tw/files/file_pool/1/0j077760959937740140/103sat_%e8%aa%9e%e9%9f%b3_%e8%87%aa%e7%84%b6_%e9%bb%9e%e5%ad%97%e7%89%88.zip
EXC ProxyError /files/file_pool/1/0j099701799282591980/102sat_%e8%aa%9e%e9%9f%b3_%e5%9c%8b%e6%96%87_%e6%96%87%e5%ad%97%e7%89%88.zip
EXC ProxyError /files/file_pool/1/0j099701791649197989/102sat_%e8%aa%9e%e9%9f%b3_%e5%9c%8b%e6%96%87_%e9%bb%9e%e5%ad%97%e7%89%88.zip
EXC ProxyError /files/file_pool/1/0j099701790461349934/102sat_%e8%aa%9e%e9%9f%b3_%e5%9c%8b%e6%96%87_%e5%9c%96%e6%96%87%e7%89%88.zip
EXC ProxyError /files/file_pool/1/0j099671369042244673/102sat_%e8%aa%9e%e9%9f%b3_%e8%8b%b1%e6%96%87_%e6%96%87%e5%ad%97%e7%89%88.zip
EXC ProxyError /files/file_pool/1/0j099671371400830673/102sat_%e8%aa%9e%e9%9f%b3_%e8%8b%b1%e6%96%87_%e9%bb%9e%e5%ad%97%e7%89%88.zip
EXC ProxyError /files/file_pool/1/0j099671370221082628/102sat_%e8%aa%9e%e9%9f%b3_%e8%8b%b1%e6%96%87_%e5%9c%96%e6%96%87%e7%89%88.zip
EXC ProxyError /files/file_pool/1/0j099556591107774930/102sat_%e8%aa%9e%e9%9f%b3_%e6%95%b8%e5%ad%b8_%e6%96%87%e5%ad%97%e7%89%88.zip
EXC ProxyError /files/file_pool/1/0j099556593464370939/102sat_%e8%aa%9e%e9%9f%b3_%e6%95%b8%e5%ad%b8_%e9%bb%9e%e5%ad%97%e7%89%88.zip
EXC ProxyError /files/file_pool/1/0j099556592285522985/102sat_%e8%aa%9e%e9%9f%b3_%e6%95%b8%e5%ad%b8_%e5%9c%96%e6%96%87%e7%89%88.zip
EXC ProxyError https://www.ceec.edu.tw/files/file_pool/1/0j077730712246141385/102sat_%e8%aa%9e%e9%9f%b3_%e7%a4%be%e6%9c%83_%e6%96%87%e5%ad%97%e7%89%88.zip
EXC ProxyError https://www.ceec.edu.tw/files/file_pool/1/0j077730714504746384/102sat_%e8%aa%9e%e9%9f%b3_%e7%a4%be%e6%9c%83_%e9%bb%9e%e5%ad%97%e7%89%88.zip
EXC ProxyError https://www.ceec.edu.tw/files/file_pool/1/0j077730713325998330/102sat_%e8%aa%9e%e9%9f%b3_%e7%a4%be%e6%9c%83_%e5%9c%96%e6%96%87%e7%89%88.zip
EXC ProxyError https://www.ceec.edu.tw/files/file_pool/1/0j077756668128437565/102sat_%e8%aa%9e%e9%9f%b3_%e8%87%aa%e7%84%b6_%e6%96%87%e5%ad%97%e7%89%88.zip
EXC ProxyError https://www.ceec.edu.tw/files/file_pool/1/0j077756660585033554/102sat_%e8%aa%9e%e9%9f%b3_%e8%87%aa%e7%84%b6_%e9%bb%9e%e5%ad%97%e7%89%88.zip
EXC ProxyError https://www.ceec.edu.tw/files/file_pool/1/0j077756669306285510/102sat_%e8%aa%9e%e9%9f%b3_%e8%87%aa%e7%84%b6_%e5%9c%96%e6%96%87%e7%89%88.zip
EXC ProxyError /files/file_pool/1/0j099700069573288495/101sat_%e8%aa%9e%e9%9f%b3_%e5%9c%8b%e6%96%87_%e6%96%87%e5%ad%97%e7%89%88.zip
EXC ProxyError /files/file_pool/1/0j099700061830884494/101sat_%e8%aa%9e%e9%9f%b3_%e5%9c%8b%e6%96%87_%e9%bb%9e%e5%ad%97%e7%89%88.zip
EXC ProxyError /files/file_pool/1/0j099700060752036440/101sat_%e8%aa%9e%e9%9f%b3_%e5%9c%8b%e6%96%87_%e5%9c%96%e6%96%87%e7%89%88.zip
EXC ProxyError /files/file_pool/1/0j099623326137355169/101sat_%e8%aa%9e%e9%9f%b3_%e8%8b%b1%e6%96%87_%e6%96%87%e5%ad%97%e7%89%88.zip
EXC ProxyError /files/file_pool/1/0j099623327494951269/101sat_%e8%aa%9e%e9%9f%b3_%e8%8b%b1%e6%96%87_%e9%bb%9e%e5%ad%97%e7%89%88.zip
EXC ProxyError /files/file_pool/1/0j099623327216103214/101sat_%e8%aa%9e%e9%9f%b3_%e8%8b%b1%e6%96%87_%e5%9c%96%e6%96%87%e7%89%88.zip
EXC ProxyError /files/file_pool/1/0j099545423868891650/101sat_%e8%aa%9e%e9%9f%b3_%e6%95%b8%e5%ad%b8_%e6%96%87%e5%ad%97%e7%89%88.zip
EXC ProxyError /files/file_pool/1/0j099545435125497650/101sat_%e8%aa%9e%e9%9f%b3_%e6%95%b8%e5%ad%b8_%e9%bb%9e%e5%ad%97%e7%89%88.zip
EXC ProxyError /files/file_pool/1/0j099545424947649605/101sat_%e8%aa%9e%e9%9f%b3_%e6%95%b8%e5%ad%b8_%e5%9c%96%e6%96%87%e7%89%88.zip
EXC ProxyError https://www.ceec.edu.tw/files/file_pool/1/0j077728432893869773/101sat_%e8%aa%9e%e9%9f%b3_%e7%a4%be%e6%9c%83_%e6%96%87%e5%ad%97%e7%89%88.zip
EXC ProxyError https://www.ceec.edu.tw/files/file_pool/1/0j077728444250464772/101sat_%e8%aa%9e%e9%9f%b3_%e7%a4%be%e6%9c%83_%e9%bb%9e%e5%ad%97%e7%89%88.zip
EXC ProxyError https://www.ceec.edu.tw/files/file_pool/1/0j077728443072616728/101sat_%e8%aa%9e%e9%9f%b3_%e7%a4%be%e6%9c%83_%e5%9c%96%e6%96%87%e7%89%88.zip
EXC ProxyError https://www.ceec.edu.tw/files/file_pool/1/0j077746173512651539/101sat_%e8%aa%9e%e9%9f%b3_%e8%87%aa%e7%84%b6_%e6%96%87%e5%ad%97%e7%89%88.zip
EXC ProxyError https://www.ceec.edu.tw/files/file_pool/1/0j077746174870257539/101sat_%e8%aa%9e%e9%9f%b3_%e8%87%aa%e7%84%b6_%e9%bb%9e%e5%ad%97%e7%89%88.zip
EXC ProxyError https://www.ceec.edu.tw/files/file_pool/1/0j077746173791409584/101sat_%e8%aa%9e%e9%9f%b3_%e8%87%aa%e7%84%b6_%e5%9c%96%e6%96%87%e7%89%88.zip
EXC ProxyError /files/file_pool/1/0j099698639864875910/100sat_%e8%aa%9e%e9%9f%b3_%e5%9c%8b%e6%96%87_%e6%96%87%e5%ad%97.zip
EXC ProxyError /files/file_pool/1/0j099698640121471919/100sat_%e8%aa%9e%e9%9f%b3_%e5%9c%8b%e6%96%87_%e9%bb%9e%e5%ad%97.zip
EXC ProxyError /files/file_pool/1/0j099698640943623965/100sat_%e8%aa%9e%e9%9f%b3_%e5%9c%8b%e6%96%87_%e5%9c%96%e6%96%87.zip
EXC ProxyError /files/file_pool/1/0j099621125784063657/100sat_%e8%aa%9e%e9%9f%b3_%e8%8b%b1%e6%96%87_%e6%96%87%e5%ad%97.zip
EXC ProxyError /files/file_pool/1/0j099621137141769656/100sat_%e8%aa%9e%e9%9f%b3_%e8%8b%b1%e6%96%87_%e9%bb%9e%e5%ad%97.zip
EXC ProxyError /files/file_pool/1/0j099621126963811602/100sat_%e8%aa%9e%e9%9f%b3_%e8%8b%b1%e6%96%87_%e5%9c%96%e6%96%87.zip
EXC ProxyError /files/file_pool/1/0j099544116420408562/100sat_%e8%aa%9e%e9%9f%b3_%e6%95%b8%e5%ad%b8_%e6%96%87%e5%ad%97.zip
EXC ProxyError /files/file_pool/1/0j099544118787004562/100sat_%e8%aa%9e%e9%9f%b3_%e6%95%b8%e5%ad%b8_%e9%bb%9e%e5%ad%97.zip
EXC ProxyError /files/file_pool/1/0j099544117608256517/100sat_%e8%aa%9e%e9%9f%b3_%e6%95%b8%e5%ad%b8_%e5%9c%96%e6%96%87.zip
EXC ProxyError https://www.ceec.edu.tw/files/file_pool/1/0j077726176812061774/100sat_%e8%aa%9e%e9%9f%b3_%e7%a4%be%e6%9c%83_%e6%96%87%e5%ad%97.zip
EXC ProxyError https://www.ceec.edu.tw/files/file_pool/1/0j077726188179667774/100sat_%e8%aa%9e%e9%9f%b3_%e7%a4%be%e6%9c%83_%e9%bb%9e%e5%ad%97.zip
EXC ProxyError https://www.ceec.edu.tw/files/file_pool/1/0j077726187090819729/100sat_%e8%aa%9e%e9%9f%b3_%e7%a4%be%e6%9c%83_%e5%9c%96%e6%96%87.zip
EXC ProxyError https://www.ceec.edu.tw/files/file_pool/1/0j077742522703248954/100sat_%e8%aa%9e%e9%9f%b3_%e8%87%aa%e7%84%b6_%e6%96%87%e5%ad%97.zip
EXC ProxyError https://www.ceec.edu.tw/files/file_pool/1/0j077742524160844054/100sat_%e8%aa%9e%e9%9f%b3_%e8%87%aa%e7%84%b6_%e9%bb%9e%e5%ad%97.zip
EXC ProxyError https://www.ceec.edu.tw/files/file_pool/1/0j077742523982096009/100sat_%e8%aa%9e%e9%9f%b3_%e8%87%aa%e7%84%b6_%e5%9c%96%e6%96%87.zip
EXC ProxyError /files/file_pool/1/0j099696866863300883/99s%e5%9c%8b%e6%96%87%e7%a7%91%e8%aa%9e%e9%9f%b3%e8%a9%a6%e9%a1%8c.zip
EXC ProxyError /files/file_pool/1/0j099619672604740685/99s%e8%8b%b1%e6%96%87%e7%a7%91%e8%aa%9e%e9%9f%b3%e8%a9%a6%e9%a1%8c.zip
EXC ProxyError /files/file_pool/1/0j099543587443712050/99s%e6%95%b8%e5%ad%b8%e7%a7%91%e8%aa%9e%e9%9f%b3%e8%a9%a6%e9%a1%8c.zip
EXC ProxyError https://www.ceec.edu.tw/files/file_pool/1/0j077723739658002234/99s%e7%a4%be%e6%9c%83%e7%a7%91%e8%aa%9e%e9%9f%b3%e8%a9%a6%e9%a1%8c.zip
EXC ProxyError https://www.ceec.edu.tw/files/file_pool/1/0j077741135530389414/99s%e8%87%aa%e7%84%b6%e7%a7%91%e8%aa%9e%e9%9f%b3%e8%a9%a6%e9%a1%8c.zip
EXC ProxyError /files/file_pool/1/0p227567535841133622/114%e5%88%86%e7%a7%91%e6%b8%ac%e9%a9%97_%e8%aa%9e%e9%9f%b3_%e5%85%ac%e6%b0%91%e8%88%87%e7%a4%be%e6%9c%83_%e6%96%87%e5%ad%97%e7%89%88.7z
EXC ProxyError /files/file_pool/1/0p227564816499325147/114%e5%88%86%e7%a7%91%e6%b8%ac%e9%a9%97_%e8%aa%9e%e9%9f%b3_%e6%ad%b7%e5%8f%b2_%e6%96%87%e5%ad%97%e7%89%88.7z
EXC ProxyError /files/file_pool/1/0p227559600721964024/114%e5%88%86%e7%a7%91%e6%b8%ac%e9%a9%97_%e8%aa%9e%e9%9f%b3_%e5%9c%b0%e7%90%86_%e6%96%87%e5%ad%97%e7%89%88.7z
EXC ProxyError /files/file_pool/1/0p227558255575622468/114%e5%88%86%e7%a7%91%e6%b8%ac%e9%a9%97_%e8%aa%9e%e9%9f%b3_%e6%95%b8%e5%ad%b8%e7%94%b2_%e6%96%87%e5%ad%97%e7%89%88.7z
EXC ProxyError /files/file_pool/1/0p227553377968481325/114%e5%88%86%e7%a7%91%e6%b8%ac%e9%a9%97_%e8%aa%9e%e9%9f%b3_%e6%95%b8%e5%ad%b8%e4%b9%99_%e6%96%87%e5%ad%97%e7%89%88.7z
EXC ProxyError /files/file_pool/1/0p227535388870728116/114%e5%88%86%e7%a7%91%e6%b8%ac%e9%a9%97_%e8%aa%9e%e9%9f%b3_%e7%89%a9%e7%90%86_%e6%96%87%e5%ad%97%e7%89%88.7z
EXC ProxyError /files/file_pool/1/0p227532267527436604/114%e5%88%86%e7%a7%91%e6%b8%ac%e9%a9%97_%e8%aa%9e%e9%9f%b3_%e5%8c%96%e5%ad%b8_%e6%96%87%e5%ad%97%e7%89%88.7z
EXC ProxyError /files/file_pool/1/0p227527867718023029/114%e5%88%86%e7%a7%91%e6%b8%ac%e9%a9%97_%e8%aa%9e%e9%9f%b3_%e7%94%9f%e7%89%a9_%e6%96%87%e5%ad%97%e7%89%88.7z
EXC ProxyError /files/file_pool/1/0o227544111190409494/113%e5%88%86%e7%a7%91%e6%b8%ac%e9%a9%97_%e8%aa%9e%e9%9f%b3_%e6%95%b8%e5%ad%b8%e7%94%b2_%e6%96%87%e5%ad%97%e7%89%88.zip
EXC ProxyError /files/file_pool/1/0o227537400847117982/113%e5%88%86%e7%a7%91%e6%b8%ac%e9%a9%97_%e8%aa%9e%e9%9f%b3_%e7%89%a9%e7%90%86_%e6%96%87%e5%ad%97%e7%89%88.zip
EXC ProxyError /files/file_pool/1/0o227510262230875839/113%e5%88%86%e7%a7%91%e6%b8%ac%e9%a9%97_%e8%aa%9e%e9%9f%b3_%e5%8c%96%e5%ad%b8_%e6%96%87%e5%ad%97%e7%89%88.zip
EXC ProxyError /files/file_pool/1/0o227500645436341869/113%e5%88%86%e7%a7%91%e6%b8%ac%e9%a9%97_%e8%aa%9e%e9%9f%b3_%e7%94%9f%e7%89%a9_%e6%96%87%e5%ad%97%e7%89%88.zip
EXC ProxyError /files/file_pool/1/0n229386553269366588/112%e5%88%86%e7%a7%91%e6%b8%ac%e9%a9%97_%e8%aa%9e%e9%9f%b3_%e6%95%b8%e5%ad%b8%e7%94%b2_%e6%96%87%e5%ad%97%e7%89%88.zip
EXC ProxyError /files/file_pool/1/0n229371914473267580/112%e5%88%86%e7%a7%91%e6%b8%ac%e9%a9%97_%e8%aa%9e%e9%9f%b3_%e7%89%a9%e7%90%86_%e6%96%87%e5%ad%97%e7%89%88.zip
EXC ProxyError /files/file_pool/1/0n229365414308732923/112%e5%88%86%e7%a7%91%e6%b8%ac%e9%a9%97_%e8%aa%9e%e9%9f%b3_%e5%8c%96%e5%ad%b8_%e6%96%87%e5%ad%97%e7%89%88.zip
EXC ProxyError /files/file_pool/1/0n229357055804320340/112%e5%88%86%e7%a7%91%e6%b8%ac%e9%a9%97_%e8%aa%9e%e9%9f%b3_%e7%94%9f%e7%89%a9_%e6%96%87%e5%ad%97%e7%89%88.zip
EXC ProxyError /files/file_pool/1/0n229351980367302379/112%e5%88%86%e7%a7%91%e6%b8%ac%e9%a9%97_%e8%aa%9e%e9%9f%b3_%e5%85%ac%e6%b0%91%e8%88%87%e7%a4%be%e6%9c%83_%e6%96%87%e5%ad%97%e7%89%88.zip
EXC ProxyError /files/file_pool/1/0n229346546564352335/112%e5%88%86%e7%a7%91%e6%b8%ac%e9%a9%97_%e8%aa%9e%e9%9f%b3_%e6%ad%b7%e5%8f%b2_%e6%96%87%e5%ad%97%e7%89%88.zip
EXC ProxyError /files/file_pool/1/0n229343397112545740/112%e5%88%86%e7%a7%91%e6%b8%ac%e9%a9%97_%e8%aa%9e%e9%9f%b3_%e5%9c%b0%e7%90%86_%e6%96%87%e5%ad%97%e7%89%88.zip
EXC ProxyError /files/file_pool/1/0m227605493787082657/111%e5%88%86%e7%a7%91%e6%b8%ac%e9%a9%97_%e8%aa%9e%e9%9f%b3_%e5%85%ac%e6%b0%91%e8%88%87%e7%a4%be%e6%9c%83_%e6%96%87%e5%ad%97%e7%89%88.zip
EXC ProxyError /files/file_pool/1/0m227602724638701047/111%e5%88%86%e7%a7%91%e6%b8%ac%e9%a9%97_%e8%aa%9e%e9%9f%b3_%e5%9c%b0%e7%90%86_%e6%96%87%e5%ad%97%e7%89%88.zip
EXC ProxyError /files/file_pool/1/0m227599567844186077/111%e5%88%86%e7%a7%91%e6%b8%ac%e9%a9%97_%e8%aa%9e%e9%9f%b3_%e6%ad%b7%e5%8f%b2_%e6%96%87%e5%ad%97%e7%89%88.zip
EXC ProxyError https://www.ceec.edu.tw/files/file_pool/1/0j077722755934800145/107drse_%e8%aa%9e%e9%9f%b3_%e5%9c%8b%e6%96%87_%e6%96%87%e5%ad%97%e7%89%88.zip
EXC ProxyError https://www.ceec.edu.tw/files/file_pool/1/0j077715648787004562/107drse_%e8%aa%9e%e9%9f%b3_%e8%8b%b1%e6%96%87_%e6%96%87%e5%ad%97%e7%89%88.zip
EXC ProxyError https://www.ceec.edu.tw/files/file_pool/1/0j077703951649197989/107drse_%e8%aa%9e%e9%9f%b3_%e6%95%b8%e5%ad%b8%e7%94%b2_%e6%96%87%e5%ad%97%e7%89%88.zip
EXC ProxyError https://www.ceec.edu.tw/files/file_pool/1/0j077686520904242355/107drse_%e8%aa%9e%e9%9f%b3_%e7%89%a9%e7%90%86_%e6%96%87%e5%ad%97%e7%89%88.zip
EXC ProxyError https://www.ceec.edu.tw/files/file_pool/1/0j077654646985036904/107drse_%e8%aa%9e%e9%9f%b3_%e5%8c%96%e5%ad%b8_%e6%96%87%e5%ad%97%e7%89%88.zip
EXC ProxyError https://www.ceec.edu.tw/files/file_pool/1/0j077694316239321866/107drse_%e8%aa%9e%e9%9f%b3_%e7%94%9f%e7%89%a9_%e6%96%87%e5%ad%97%e7%89%88.zip
EXC ProxyError https://www.ceec.edu.tw/files/file_pool/1/0j077721298661841604/106drse_%e8%aa%9e%e9%9f%b3_%e5%9c%8b%e6%96%87_%e6%96%87%e5%ad%97%e7%89%88.zip
EXC ProxyError https://www.ceec.edu.tw/files/file_pool/1/0j077714711513034021/106drse_%e8%aa%9e%e9%9f%b3_%e8%8b%b1%e6%96%87_%e6%96%87%e5%ad%97%e7%89%88.zip
EXC ProxyError https://www.ceec.edu.tw/files/file_pool/1/0j077697211766340937/106drse_%e8%aa%9e%e9%9f%b3_%e6%95%b8%e5%ad%b8%e4%b9%99_%e6%96%87%e5%ad%97%e7%89%88.zip
EXC ProxyError https://www.ceec.edu.tw/files/file_pool/1/0j077679890486526285/106drse_%e8%aa%9e%e9%9f%b3_%e6%ad%b7%e5%8f%b2_%e6%96%87%e5%ad%97%e7%89%88.zip
EXC ProxyError https://www.ceec.edu.tw/files/file_pool/1/0j077661101422955985/106drse_%e8%aa%9e%e9%9f%b3_%e5%9c%b0%e7%90%86_%e6%96%87%e5%ad%97%e7%89%88.zip
EXC ProxyError https://www.ceec.edu.tw/files/file_pool/1/0j077565643325998330/106drse_%e8%aa%9e%e9%9f%b3_%e5%85%ac%e6%b0%91%e8%88%87%e7%a4%be%e6%9c%83_%e6%96%87%e5%ad%97%e7%89%88.zip
EXC ProxyError https://www.ceec.edu.tw/files/file_pool/1/0j077720661497981164/105drse_%e8%aa%9e%e9%9f%b3_%e5%9c%8b%e6%96%87_%e6%96%87%e5%ad%97%e7%89%88.zip
EXC ProxyError https://www.ceec.edu.tw/files/file_pool/1/0j077713053350075581/105drse_%e8%aa%9e%e9%9f%b3_%e8%8b%b1%e6%96%87_%e6%96%87%e5%ad%97%e7%89%88.zip
EXC ProxyError https://www.ceec.edu.tw/files/file_pool/1/0j077702403476238449/105drse_%e8%aa%9e%e9%9f%b3_%e6%95%b8%e5%ad%b8%e7%94%b2_%e6%96%87%e5%ad%97%e7%89%88.zip
EXC ProxyError https://www.ceec.edu.tw/files/file_pool/1/0j077695103592381496/105drse_%e8%aa%9e%e9%9f%b3_%e6%95%b8%e5%ad%b8%e4%b9%99_%e6%96%87%e5%ad%97%e7%89%88.zip
EXC ProxyError https://www.ceec.edu.tw/files/file_pool/1/0j077664499695914416/105drse_%e8%aa%9e%e9%9f%b3_%e6%ad%b7%e5%8f%b2_%e6%96%87%e5%ad%97%e7%89%88.zip
EXC ProxyError https://www.ceec.edu.tw/files/file_pool/1/0j077655474158996445/105drse_%e8%aa%9e%e9%9f%b3_%e5%9c%b0%e7%90%86_%e6%96%87%e5%ad%97%e7%89%88.zip
EXC ProxyError https://www.ceec.edu.tw/files/file_pool/1/0j077564110245676258/105drse_%e8%aa%9e%e9%9f%b3_%e5%85%ac%e6%b0%91%e8%88%87%e7%a4%be%e6%9c%83_%e6%96%87%e5%ad%97%e7%89%88.zip
EXC ProxyError https://www.ceec.edu.tw/files/file_pool/1/0j077684063631383724/105drse_%e8%aa%9e%e9%9f%b3_%e7%89%a9%e7%90%86_%e6%96%87%e5%ad%97%e7%89%88.zip
EXC ProxyError https://www.ceec.edu.tw/files/file_pool/1/0j077653684449682960/105drse_%e8%aa%9e%e9%9f%b3_%e5%8c%96%e5%ad%b8_%e6%96%87%e5%ad%97%e7%89%88.zip
EXC ProxyError https://www.ceec.edu.tw/files/file_pool/1/0j077691902514120867/105drse_%e8%aa%9e%e9%9f%b3_%e7%94%9f%e7%89%a9_%e6%96%87%e5%ad%97%e7%89%88.zip
EXC ProxyError https://www.ceec.edu.tw/files/file_pool/1/0j077718783224922633/104drse_%e8%aa%9e%e9%9f%b3_%e5%9c%8b%e6%96%87_%e6%96%87%e5%ad%97%e7%89%88.zip
EXC ProxyError https://www.ceec.edu.tw/files/file_pool/1/0j077711316186116050/104drse_%e8%aa%9e%e9%9f%b3_%e8%8b%b1%e6%96%87_%e6%96%87%e5%ad%97%e7%89%88.zip
EXC ProxyError https://www.ceec.edu.tw/files/file_pool/1/0j077701096102279908/104drse_%e8%aa%9e%e9%9f%b3_%e6%95%b8%e7%94%b2_%e6%96%87%e5%ad%97%e7%89%88.zip
EXC ProxyError https://www.ceec.edu.tw/files/file_pool/1/0j077683435467323284/104drse_%e8%aa%9e%e9%9f%b3_%e7%89%a9%e7%90%86_%e6%96%87%e5%ad%97%e7%89%88.zip
EXC ProxyError https://www.ceec.edu.tw/files/file_pool/1/0j077642268669372377/104drse_%e8%aa%9e%e9%9f%b3_%e5%8c%96%e5%ad%b8_%e6%96%87%e5%ad%97%e7%89%88.zip
EXC ProxyError https://www.ceec.edu.tw/files/file_pool/1/0j077690475341260326/104drse_%e8%aa%9e%e9%9f%b3_%e7%94%9f%e7%89%a9_%e6%96%87%e5%ad%97%e7%89%88.zip
EXC ProxyError https://www.ceec.edu.tw/files/file_pool/1/0j077717346050963192/103drse_%e8%aa%9e%e9%9f%b3_%e5%9c%8b%e6%96%87_%e6%96%87%e5%ad%97%e7%89%88.zip
EXC ProxyError https://www.ceec.edu.tw/files/file_pool/1/0j077704698813156510/103drse_%e8%aa%9e%e9%9f%b3_%e8%8b%b1%e6%96%87_%e6%96%87%e5%ad%97%e7%89%88.zip
EXC ProxyError https://www.ceec.edu.tw/files/file_pool/1/0j077699218939219477/103drse_%e8%aa%9e%e9%9f%b3_%e6%95%b8%e5%ad%b8%e7%94%b2_%e6%96%87%e5%ad%97%e7%89%88.zip
EXC ProxyError https://www.ceec.edu.tw/files/file_pool/1/0j077682252921970230/103drse_%e8%aa%9e%e9%9f%b3_%e7%89%a9%e7%90%86_%e6%96%87%e5%ad%97%e7%89%88.zip
EXC ProxyError https://www.ceec.edu.tw/files/file_pool/1/0j077641480042131234/103drse_%e8%aa%9e%e9%9f%b3_%e5%8c%96%e5%ad%b8_%e6%96%87%e5%ad%97%e7%89%88.zip
EXC ProxyError https://www.ceec.edu.tw/files/file_pool/1/0j077687967177201896/103drse_%e8%aa%9e%e9%9f%b3_%e7%94%9f%e7%89%a9_%e6%96%87%e5%ad%97%e7%89%88.zip
done: {'ok': 26, 'skip': 3117, 'fail': 130}
